<html>
<body>
<pre>
<h1>µVision Build Log</h1>
<h2>Tool Versions:</h2>
IDE-Version: •ÏVision V5.29.0.0
Copyright (C) 2019 ARM Ltd and ARM Germany GmbH. All rights reserved.
License Information: you youngjae, hj, LIC=----
 
Tool Versions:
Toolchain:       MDK-Lite  Version: 5.29.0.0
Toolchain Path:  C:\Keil_v5\ARM\ARMCC\Bin
C Compiler:      Armcc.exe V5.06 update 6 (build 750)
Assembler:       Armasm.exe V5.06 update 6 (build 750)
Linker/Locator:  ArmLink.exe V5.06 update 6 (build 750)
Library Manager: ArmAr.exe V5.06 update 6 (build 750)
Hex Converter:   FromElf.exe V5.06 update 6 (build 750)
CPU DLL:         SARMCM3.DLL V5.29.0.0
Dialog DLL:      DCM.DLL V1.17.3.0
Target DLL:      STLink\ST-LINKIII-KEIL_SWO.dll V3.0.7.0
Dialog DLL:      TCM.DLL V1.36.5.0
 
<h2>Project:</h2>
C:\Users\yeong\Desktop\git_doc\ARM\src\BootloaderProjectSTM32-master\SourceCode\BOOTLOADER\KEIL\Nucleo-F446RE\bootloader_STM32F446xx\MDK-ARM\bootloader_STM32F446xx.uvprojx
Project File Date:  05/05/2020

<h2>Output:</h2>
*** Using Compiler 'V5.06 update 6 (build 750)', folder: 'C:\Keil_v5\ARM\ARMCC\Bin'
Build target 'bootloader_STM32F446xx'
compiling stm32f4xx_hal_tim_ex.c...
compiling stm32f4xx_hal_cortex.c...
compiling stm32f4xx_it.c...
compiling stm32f4xx_hal_pwr.c...
compiling stm32f4xx_hal_tim.c...
compiling stm32f4xx_hal_crc.c...
compiling stm32f4xx_hal_flash.c...
compiling stm32f4xx_hal_msp.c...
compiling main.c...
../Src/main.c(120): warning:  #61-D: integer operation result is out of range
  			*pOPTCR |= (1 << 31);
../Src/main.c(120): warning:  #68-D: integer conversion resulted in a change of sign
  			*pOPTCR |= (1 << 31);
../Src/main.c(105): warning:  #177-D: variable "protection_mode"  was declared but never referenced
  	uint8_t protection_mode =2 ;
../Src/main.c(275): warning:  #513-D: a value of type "void *" cannot be assigned to an entity of type "void (*)(void)"
      app_reset_handler = (void*) resethandler_address;
../Src/main.c(640): warning:  #144-D: a value of type "void *" cannot be used to initialize an entity of type "void (*)(void)"
              void (*lets_jump)(void) = (void *)go_address;
../Src/main.c(680): warning:  #188-D: enumerated type mixed with another type
          HAL_GPIO_WritePin(LD2_GPIO_Port, LD2_Pin,1);
../Src/main.c(682): warning:  #188-D: enumerated type mixed with another type
          HAL_GPIO_WritePin(LD2_GPIO_Port, LD2_Pin,0);
../Src/main.c(698): warning:  #177-D: variable "addr_valid"  was declared but never referenced
  	uint8_t addr_valid = ADDR_VALID;
../Src/main.c(700): warning:  #550-D: variable "chksum"  was set but never used
  	uint8_t chksum =0, len=0;
../Src/main.c(1026): warning:  #188-D: enumerated type mixed with another type
  		status = (uint8_t) HAL_FLASHEx_Erase(&flashErase_handle, &sectorError);
../Src/main.c(1090): warning:  #61-D: integer operation result is out of range
  			*pOPTCR &= ~(1 << 31);
../Src/main.c(1120): warning:  #61-D: integer operation result is out of range
  			*pOPTCR &= ~(1 << 31);
../Src/main.c(1145): warning:  #61-D: integer operation result is out of range
  			*pOPTCR |= (1 << 31);
../Src/main.c(1145): warning:  #68-D: integer conversion resulted in a change of sign
  			*pOPTCR |= (1 << 31);
../Src/main.c: 14 warnings, 0 errors
compiling stm32f4xx_hal_rcc.c...
assembling startup_stm32f446xx.s...
compiling stm32f4xx_hal_rcc_ex.c...
compiling stm32f4xx_hal.c...
compiling stm32f4xx_hal_gpio.c...
compiling system_stm32f4xx.c...
compiling stm32f4xx_hal_flash_ramfunc.c...
compiling stm32f4xx_hal_pwr_ex.c...
compiling stm32f4xx_hal_dma.c...
compiling stm32f4xx_hal_flash_ex.c...
compiling stm32f4xx_hal_uart.c...
compiling stm32f4xx_hal_dma_ex.c...
linking...
Program Size: Code=11300 RO-data=508 RW-data=48 ZI-data=1384  
"bootloader_STM32F446xx\bootloader_STM32F446xx.axf" - 0 Error(s), 14 Warning(s).

<h2>Software Packages used:</h2>

Package Vendor: ARM
                http://www.keil.com/pack/ARM.CMSIS.5.6.0.pack
                ARM.CMSIS.5.6.0
                CMSIS (Cortex Microcontroller Software Interface Standard)
   * Component: CORE Version: 5.3.0

Package Vendor: Keil
                http://www.keil.com/pack/Keil.STM32F4xx_DFP.2.14.0.pack
                Keil.STM32F4xx_DFP.2.14.0
                STMicroelectronics STM32F4 Series Device Support, Drivers and Examples

<h2>Collection of Component include folders:</h2>
  .\RTE\_bootloader_STM32F446xx
  C:\Users\yeong\AppData\Local\Arm\Packs\ARM\CMSIS\5.6.0\CMSIS\Core\Include
  C:\Users\yeong\AppData\Local\Arm\Packs\Keil\STM32F4xx_DFP\2.14.0\Drivers\CMSIS\Device\ST\STM32F4xx\Include

<h2>Collection of Component Files used:</h2>

   * Component: ARM::CMSIS:CORE:5.3.0
Build Time Elapsed:  00:00:36
</pre>
</body>
</html>
