stm32f4xx_ll_tim.h:1051:22:LL_TIM_EnableCounter	16	static
stm32f4xx_ll_tim.h:1222:22:LL_TIM_EnableARRPreload	16	static
stm32f4xx_ll_tim.h:1525:22:LL_TIM_CC_EnableChannel	16	static
stm32f4xx_ll_tim.h:1816:22:LL_TIM_OC_EnableFast	24	static
stm32f4xx_ll_tim.h:1882:22:LL_TIM_OC_EnablePreload	24	static
stm32f4xx_ll_tim.h:2605:22:LL_TIM_SetClockSource	16	static
stm32f4xx_ll_tim.h:2651:22:LL_TIM_SetTriggerOutput	16	static
stm32f4xx_ll_tim.h:2717:22:LL_TIM_DisableMasterSlaveMode	16	static
stm32f4xx_ll_gpio.h:912:22:LL_GPIO_ResetOutputPin	16	static
stm32f4xx_ll_bus.h:411:22:LL_AHB1_GRP1_EnableClock	24	static
stm32f4xx_ll_bus.h:1187:22:LL_APB1_GRP1_EnableClock	24	static
main.c:66:5:main	8	static
main.c:122:6:SystemClock_Config	88	static
main.c:165:13:MX_TIM3_Init	88	static
main.c:222:13:MX_GPIO_Init	32	static
main.c:252:6:Error_Handler	4	static
